127.0.0.1 - - [06/Mar/2025:09:07:48 +0530] "GET / HTTP/1.1" 404 752
0:0:0:0:0:0:0:1 - - [06/Mar/2025:09:07:49 +0530] "GET /firstwedapp/loginfrom.html HTTP/1.1" 304 -
0:0:0:0:0:0:0:1 - - [06/Mar/2025:09:08:11 +0530] "GET /firstwedapp/loginfrom HTTP/1.1" 200 -
0:0:0:0:0:0:0:1 - - [06/Mar/2025:09:08:47 +0530] "GET /firstwedapp/email HTTP/1.1" 200 -
0:0:0:0:0:0:0:1 - - [06/Mar/2025:09:09:52 +0530] "GET /firstwedapp/email.html HTTP/1.1" 304 -
0:0:0:0:0:0:0:1 - - [06/Mar/2025:09:13:56 +0530] "GET /firstwedapp/email?firstname=rahul&lastname=madsu&email=rahulmadsu2000@gmail.com&password=password&gender=male HTTP/1.1" 200 -
0:0:0:0:0:0:0:1 - - [06/Mar/2025:09:15:00 +0530] "GET /firstwedapp/email?firstname=rahul&lastname=madsu&email=rahulmadasu2000@gmail.com&password=password&gender=male HTTP/1.1" 200 -
0:0:0:0:0:0:0:1 - - [06/Mar/2025:09:16:20 +0530] "GET /firstwedapp/email?firstname=rahul&lastname=madasu&email=rahulmadadu2000@gmail.com&password=password&gender=male HTTP/1.1" 200 -
127.0.0.1 - - [06/Mar/2025:09:19:13 +0530] "GET / HTTP/1.1" 404 752
0:0:0:0:0:0:0:1 - - [06/Mar/2025:09:19:51 +0530] "GET /firstwedapp/email?firstname=rahul&lastname=madasu&email=rahulmadsu2000@gmail.com&password=password&gender=male HTTP/1.1" 200 -
0:0:0:0:0:0:0:1 - - [06/Mar/2025:09:21:25 +0530] "GET /firstwedapp/email?firstname=rahul&lastname=madasu&email=rahulmadsu2000@gmail.com&password=password&gender=male HTTP/1.1" 200 -
0:0:0:0:0:0:0:1 - - [06/Mar/2025:09:23:11 +0530] "GET /firstwedapp/email?firstname=rahul&lastname=madasu&email=rahulmadsu2000@gmail.com&password=password&gender=male HTTP/1.1" 200 -
0:0:0:0:0:0:0:1 - - [06/Mar/2025:09:24:46 +0530] "GET /firstwedapp/email HTTP/1.1" 200 -
0:0:0:0:0:0:0:1 - - [06/Mar/2025:09:28:06 +0530] "GET /firstwedapp/email?firstname=lplkpoo&lastname=klkklkl&email=ramu@gmail.com&password=kmkk%2Ck%2C&gender=male HTTP/1.1" 200 -
127.0.0.1 - - [06/Mar/2025:09:34:27 +0530] "GET / HTTP/1.1" 404 752
0:0:0:0:0:0:0:1 - - [06/Mar/2025:09:34:48 +0530] "GET /firstwedapp/email?firstname=zldfkfsldf&lastname=lkzcvmzlkvm&email=ramu@gmail.com&password=lkasjdflka&gender=male HTTP/1.1" 200 -
0:0:0:0:0:0:0:1 - - [06/Mar/2025:09:38:54 +0530] "GET /firstwedapp/loginfrom HTTP/1.1" 200 -
0:0:0:0:0:0:0:1 - - [06/Mar/2025:09:39:33 +0530] "GET /firstwedapp/loginfrom HTTP/1.1" 200 -
0:0:0:0:0:0:0:1 - - [06/Mar/2025:09:40:37 +0530] "GET /firstwedapp/loginfrom HTTP/1.1" 200 -
0:0:0:0:0:0:0:1 - - [06/Mar/2025:09:40:57 +0530] "GET /firstwedapp/WEB-INF/classes/perform HTTP/1.1" 404 683
0:0:0:0:0:0:0:1 - - [06/Mar/2025:09:41:46 +0530] "GET /firstwedapp/email?firstname=jjhfdkofeh&lastname=guuwdieuh&email=hdejwuyh@kjrh4i&password=ujhhsb&gender=male HTTP/1.1" 200 -
0:0:0:0:0:0:0:1 - - [06/Mar/2025:09:42:52 +0530] "GET /firstwedapp/email?firstname=iu3djiwugwyqjk&lastname=jsjwkklw&email=Rahulmadasu@gamil.com&password=password&gender=male HTTP/1.1" 200 -
127.0.0.1 - - [06/Mar/2025:09:51:34 +0530] "GET / HTTP/1.1" 404 752
0:0:0:0:0:0:0:1 - - [06/Mar/2025:09:51:34 +0530] "GET /firstwedapp/WEB-INF/forgot.html HTTP/1.1" 404 683
127.0.0.1 - - [06/Mar/2025:09:53:14 +0530] "GET / HTTP/1.1" 404 752
0:0:0:0:0:0:0:1 - - [06/Mar/2025:09:53:14 +0530] "GET /firstwedapp/WEB-INF/forgot.html HTTP/1.1" 404 683
127.0.0.1 - - [06/Mar/2025:09:57:58 +0530] "GET / HTTP/1.1" 404 752
0:0:0:0:0:0:0:1 - - [06/Mar/2025:09:57:58 +0530] "GET /firstwedapp/WEB-INF/Forgot.html HTTP/1.1" 404 683
0:0:0:0:0:0:0:1 - - [06/Mar/2025:09:59:30 +0530] "GET /firstwedapp/email?firstname=rahul&lastname=madasu&email=rahulmadasu2000@gmail.com&password=password&gender=male HTTP/1.1" 200 -
0:0:0:0:0:0:0:1 - - [06/Mar/2025:10:00:21 +0530] "GET /firstwedapp/email?firstname=rahul&lastname=madasu&email=rahulmadasu2000@gmail.com&password=password&gender=male HTTP/1.1" 200 -
0:0:0:0:0:0:0:1 - - [06/Mar/2025:10:07:23 +0530] "GET /firstwedapp/WEB-INF/Forgot.html HTTP/1.1" 404 683
127.0.0.1 - - [06/Mar/2025:10:08:32 +0530] "GET / HTTP/1.1" 404 752
0:0:0:0:0:0:0:1 - - [06/Mar/2025:10:08:32 +0530] "GET /firstwedapp/WEB-INF/Forgot.html HTTP/1.1" 404 683
127.0.0.1 - - [06/Mar/2025:10:10:47 +0530] "GET / HTTP/1.1" 404 752
0:0:0:0:0:0:0:1 - - [06/Mar/2025:10:10:47 +0530] "GET /firstwedapp/WEB-INF/Forgot.html HTTP/1.1" 404 683
0:0:0:0:0:0:0:1 - - [06/Mar/2025:10:12:18 +0530] "GET /firstwedapp/WEB-INF/Forgot.html HTTP/1.1" 404 683
127.0.0.1 - - [06/Mar/2025:10:19:42 +0530] "GET / HTTP/1.1" 404 752
0:0:0:0:0:0:0:1 - - [06/Mar/2025:10:19:43 +0530] "GET /firstwedapp/WEB-INF/Forgot.html HTTP/1.1" 404 683
0:0:0:0:0:0:0:1 - - [06/Mar/2025:10:21:33 +0530] "GET /firstwedapp/WEB-INF/Forgot.html HTTP/1.1" 404 683
0:0:0:0:0:0:0:1 - - [06/Mar/2025:10:31:01 +0530] "GET /firstwedapp/WEB-INF/Forgot.html HTTP/1.1" 404 683
0:0:0:0:0:0:0:1 - - [06/Mar/2025:10:37:07 +0530] "GET /firstwedapp/WEB-INF/Forgot.html HTTP/1.1" 404 683
127.0.0.1 - - [06/Mar/2025:10:44:45 +0530] "GET / HTTP/1.1" 404 752
0:0:0:0:0:0:0:1 - - [06/Mar/2025:10:44:46 +0530] "GET /firstwedapp/loginfrom.html HTTP/1.1" 200 1786
0:0:0:0:0:0:0:1 - - [06/Mar/2025:10:45:05 +0530] "GET /firstwedapp/Forgot.html HTTP/1.1" 200 2900
0:0:0:0:0:0:0:1 - - [06/Mar/2025:10:48:10 +0530] "GET /firstwedapp/Forgot.html HTTP/1.1" 200 2901
0:0:0:0:0:0:0:1 - - [06/Mar/2025:10:48:52 +0530] "GET /firstwedapp/Forgot.html HTTP/1.1" 200 2901
0:0:0:0:0:0:0:1 - - [06/Mar/2025:10:49:37 +0530] "GET /firstwedapp/Forgot.html HTTP/1.1" 304 -
0:0:0:0:0:0:0:1 - - [06/Mar/2025:10:52:03 +0530] "GET /firstwedapp/loginfrom.html HTTP/1.1" 200 1794
0:0:0:0:0:0:0:1 - - [06/Mar/2025:10:52:17 +0530] "GET /firstwedapp/loginfrom HTTP/1.1" 200 -
0:0:0:0:0:0:0:1 - - [06/Mar/2025:10:55:21 +0530] "GET /firstwedapp/loginfrom.html HTTP/1.1" 200 1843
0:0:0:0:0:0:0:1 - - [06/Mar/2025:10:55:53 +0530] "GET /firstwedapp/loginfrom HTTP/1.1" 200 -
127.0.0.1 - - [06/Mar/2025:10:59:31 +0530] "GET / HTTP/1.1" 404 752
0:0:0:0:0:0:0:1 - - [06/Mar/2025:10:59:31 +0530] "GET /firstwedapp/loginfrom.html HTTP/1.1" 304 -
0:0:0:0:0:0:0:1 - - [06/Mar/2025:10:59:43 +0530] "GET /firstwedapp/loginfrom HTTP/1.1" 200 -
0:0:0:0:0:0:0:1 - - [06/Mar/2025:11:00:00 +0530] "GET /firstwedapp/loginfrom HTTP/1.1" 200 -
127.0.0.1 - - [06/Mar/2025:11:01:16 +0530] "GET / HTTP/1.1" 404 752
0:0:0:0:0:0:0:1 - - [06/Mar/2025:11:01:17 +0530] "GET /firstwedapp/loginfrom.html HTTP/1.1" 304 -
0:0:0:0:0:0:0:1 - - [06/Mar/2025:11:01:23 +0530] "GET /firstwedapp/loginfrom HTTP/1.1" 200 8
127.0.0.1 - - [06/Mar/2025:11:01:58 +0530] "GET / HTTP/1.1" 404 752
0:0:0:0:0:0:0:1 - - [06/Mar/2025:11:01:58 +0530] "GET /firstwedapp/loginfrom HTTP/1.1" 200 14
127.0.0.1 - - [06/Mar/2025:11:02:50 +0530] "GET / HTTP/1.1" 404 752
0:0:0:0:0:0:0:1 - - [06/Mar/2025:11:02:51 +0530] "GET /firstwedapp/loginfrom HTTP/1.1" 200 22
0:0:0:0:0:0:0:1 - - [06/Mar/2025:11:03:42 +0530] "GET /firstwedapp/loginfrom.html HTTP/1.1" 304 -
0:0:0:0:0:0:0:1 - - [06/Mar/2025:11:03:51 +0530] "GET /firstwedapp/loginfrom HTTP/1.1" 200 22
0:0:0:0:0:0:0:1 - - [06/Mar/2025:11:04:20 +0530] "GET /firstwedapp/loginfrom HTTP/1.1" 200 22
0:0:0:0:0:0:0:1 - - [06/Mar/2025:11:15:57 +0530] "GET /firstwedapp/loginfrom HTTP/1.1" 200 22
0:0:0:0:0:0:0:1 - - [06/Mar/2025:11:18:26 +0530] "GET /firstwedapp/loginfrom HTTP/1.1" 200 22
127.0.0.1 - - [06/Mar/2025:11:20:24 +0530] "GET / HTTP/1.1" 404 752
0:0:0:0:0:0:0:1 - - [06/Mar/2025:11:20:24 +0530] "GET /firstwedapp/loginfrom.html HTTP/1.1" 304 -
0:0:0:0:0:0:0:1 - - [06/Mar/2025:11:20:37 +0530] "GET /firstwedapp/loginfrom HTTP/1.1" 200 14
127.0.0.1 - - [06/Mar/2025:11:31:39 +0530] "GET / HTTP/1.1" 404 752
0:0:0:0:0:0:0:1 - - [06/Mar/2025:11:31:40 +0530] "GET /firstwedapp/loginfrom.html HTTP/1.1" 304 -
0:0:0:0:0:0:0:1 - - [06/Mar/2025:11:31:51 +0530] "GET /firstwedapp/loginfrom HTTP/1.1" 200 14
127.0.0.1 - - [06/Mar/2025:11:33:08 +0530] "GET / HTTP/1.1" 404 752
0:0:0:0:0:0:0:1 - - [06/Mar/2025:11:33:41 +0530] "GET /firstwedapp/loginfrom HTTP/1.1" 200 -
127.0.0.1 - - [06/Mar/2025:11:35:06 +0530] "GET / HTTP/1.1" 404 752
0:0:0:0:0:0:0:1 - - [06/Mar/2025:11:35:14 +0530] "GET /firstwedapp/loginfrom HTTP/1.1" 200 14
0:0:0:0:0:0:0:1 - - [06/Mar/2025:11:36:00 +0530] "GET /firstwedapp/email.html HTTP/1.1" 200 3059
0:0:0:0:0:0:0:1 - - [06/Mar/2025:11:36:25 +0530] "GET /firstwedapp/email?firstname=gdweystdgw&lastname=jugdwydei&email=argfejfe@bhsjd&password=ytsyduidf&gender=male HTTP/1.1" 200 -
127.0.0.1 - - [06/Mar/2025:11:37:35 +0530] "GET / HTTP/1.1" 404 752
0:0:0:0:0:0:0:1 - - [06/Mar/2025:11:37:54 +0530] "GET /firstwedapp/email?firstname=gwyyuwytdtqsyqw&lastname=uwgdwiusy&email=gsjdhjdvgsh@he&password=hgftsu&gender=male HTTP/1.1" 200 14
0:0:0:0:0:0:0:1 - - [06/Mar/2025:11:38:25 +0530] "GET /firstwedapp/Forgot.html HTTP/1.1" 304 -
0:0:0:0:0:0:0:1 - - [06/Mar/2025:11:38:52 +0530] "GET /firstwedapp/Forgot.html?email=Rahulmadsu2000@gmail.com HTTP/1.1" 200 2901
0:0:0:0:0:0:0:1 - - [06/Mar/2025:11:39:17 +0530] "GET /firstwedapp/Forgot.html?email=rahulmadasu2000@gmail.com HTTP/1.1" 200 2901
127.0.0.1 - - [06/Mar/2025:11:47:43 +0530] "GET / HTTP/1.1" 404 752
0:0:0:0:0:0:0:1 - - [06/Mar/2025:11:47:44 +0530] "GET /firstwedapp/Forgot.html HTTP/1.1" 200 2962
127.0.0.1 - - [06/Mar/2025:11:52:07 +0530] "GET / HTTP/1.1" 404 752
0:0:0:0:0:0:0:1 - - [06/Mar/2025:11:52:07 +0530] "GET /firstwedapp/Forgot HTTP/1.1" 200 14
0:0:0:0:0:0:0:1 - - [06/Mar/2025:11:52:28 +0530] "GET /firstwedapp/Forgot.html HTTP/1.1" 304 -
0:0:0:0:0:0:0:1 - - [06/Mar/2025:11:52:46 +0530] "GET /firstwedapp/Forgot?email=rahulmadasu2000@gmail.com HTTP/1.1" 200 14
127.0.0.1 - - [06/Mar/2025:11:53:48 +0530] "GET / HTTP/1.1" 404 752
0:0:0:0:0:0:0:1 - - [06/Mar/2025:11:53:49 +0530] "GET /firstwedapp/Forgot.html HTTP/1.1" 304 -
0:0:0:0:0:0:0:1 - - [06/Mar/2025:11:53:56 +0530] "GET /firstwedapp/Forgot?email=wdsfssc@edw HTTP/1.1" 200 14
127.0.0.1 - - [06/Mar/2025:12:09:26 +0530] "GET / HTTP/1.1" 404 752
0:0:0:0:0:0:0:1 - - [06/Mar/2025:12:09:26 +0530] "GET /firstwedapp/WEB-INF/reset.html HTTP/1.1" 404 683
127.0.0.1 - - [06/Mar/2025:12:11:44 +0530] "GET / HTTP/1.1" 404 752
0:0:0:0:0:0:0:1 - - [06/Mar/2025:12:11:44 +0530] "GET /firstwedapp/WEB-INF/reset.html HTTP/1.1" 404 683
0:0:0:0:0:0:0:1 - - [06/Mar/2025:12:12:58 +0530] "GET /firstwedapp/WEB-INF/reset.html HTTP/1.1" 404 683
127.0.0.1 - - [06/Mar/2025:12:14:47 +0530] "GET / HTTP/1.1" 404 752
0:0:0:0:0:0:0:1 - - [06/Mar/2025:12:14:48 +0530] "GET /firstwedapp/WEB-INF/reset.html HTTP/1.1" 404 683
127.0.0.1 - - [06/Mar/2025:12:19:17 +0530] "GET / HTTP/1.1" 404 752
0:0:0:0:0:0:0:1 - - [06/Mar/2025:12:19:18 +0530] "GET /firstwedapp/WEB-INF/reset.html HTTP/1.1" 404 683
127.0.0.1 - - [06/Mar/2025:12:20:59 +0530] "GET / HTTP/1.1" 404 752
0:0:0:0:0:0:0:1 - - [06/Mar/2025:12:21:00 +0530] "GET /firstwedapp/WEB-INF/reset.html HTTP/1.1" 404 683
127.0.0.1 - - [06/Mar/2025:12:22:13 +0530] "GET / HTTP/1.1" 404 752
0:0:0:0:0:0:0:1 - - [06/Mar/2025:12:22:14 +0530] "GET /firstwedapp/WEB-INF/reset.html HTTP/1.1" 404 683
127.0.0.1 - - [06/Mar/2025:12:25:21 +0530] "GET / HTTP/1.1" 404 752
0:0:0:0:0:0:0:1 - - [06/Mar/2025:12:25:21 +0530] "GET /firstwedapp/WEB-INF/reset.html HTTP/1.1" 404 683
127.0.0.1 - - [06/Mar/2025:12:26:06 +0530] "GET / HTTP/1.1" 404 752
0:0:0:0:0:0:0:1 - - [06/Mar/2025:12:26:07 +0530] "GET /firstwedapp/WEB-INF/reset.html HTTP/1.1" 404 683
127.0.0.1 - - [06/Mar/2025:12:30:36 +0530] "GET / HTTP/1.1" 404 752
0:0:0:0:0:0:0:1 - - [06/Mar/2025:12:30:36 +0530] "GET /firstwedapp/WEB-INF/reset.html HTTP/1.1" 404 683
127.0.0.1 - - [06/Mar/2025:12:32:46 +0530] "GET / HTTP/1.1" 404 752
0:0:0:0:0:0:0:1 - - [06/Mar/2025:12:32:47 +0530] "GET /firstwedapp/WEB-INF/reset.html HTTP/1.1" 404 683
0:0:0:0:0:0:0:1 - - [06/Mar/2025:12:33:40 +0530] "GET /firstwedapp/WEB-INF/lib/Forgot.html HTTP/1.1" 404 683
127.0.0.1 - - [06/Mar/2025:12:34:48 +0530] "GET / HTTP/1.1" 404 752
0:0:0:0:0:0:0:1 - - [06/Mar/2025:12:34:49 +0530] "GET /firstwedapp/WEB-INF/lib/Forgot.html HTTP/1.1" 404 683
0:0:0:0:0:0:0:1 - - [06/Mar/2025:12:35:10 +0530] "GET /firstwedapp/loginfrom.html HTTP/1.1" 304 -
0:0:0:0:0:0:0:1 - - [06/Mar/2025:12:35:35 +0530] "GET /firstwedapp/Forgot HTTP/1.1" 200 14
0:0:0:0:0:0:0:1 - - [06/Mar/2025:12:35:55 +0530] "GET /firstwedapp/WEB-INF/lib/Forgot.html HTTP/1.1" 404 683
127.0.0.1 - - [06/Mar/2025:12:36:50 +0530] "GET / HTTP/1.1" 404 752
0:0:0:0:0:0:0:1 - - [06/Mar/2025:12:36:50 +0530] "GET /firstwedapp/WEB-INF/lib/Forgot.html HTTP/1.1" 404 683
0:0:0:0:0:0:0:1 - - [06/Mar/2025:12:37:19 +0530] "GET /firstwedapp/email.html HTTP/1.1" 304 -
0:0:0:0:0:0:0:1 - - [06/Mar/2025:12:37:38 +0530] "GET /firstwedapp/WEB-INF/lib/Forgot.html HTTP/1.1" 404 683
127.0.0.1 - - [06/Mar/2025:12:39:51 +0530] "GET / HTTP/1.1" 404 752
0:0:0:0:0:0:0:1 - - [06/Mar/2025:12:39:52 +0530] "GET /firstwedapp/WEB-INF/lib/Forgot.html HTTP/1.1" 404 683
127.0.0.1 - - [06/Mar/2025:12:40:51 +0530] "GET / HTTP/1.1" 404 752
0:0:0:0:0:0:0:1 - - [06/Mar/2025:12:40:51 +0530] "GET /firstwedapp/WEB-INF/lib/Forgot.html HTTP/1.1" 404 683
127.0.0.1 - - [06/Mar/2025:12:43:14 +0530] "GET / HTTP/1.1" 404 752
0:0:0:0:0:0:0:1 - - [06/Mar/2025:12:43:15 +0530] "GET /firstwedapp/WEB-INF/NewFile.html HTTP/1.1" 404 683
127.0.0.1 - - [06/Mar/2025:12:45:29 +0530] "GET / HTTP/1.1" 404 752
0:0:0:0:0:0:0:1 - - [06/Mar/2025:12:45:30 +0530] "GET /firstwedapp/WEB-INF/reset.html HTTP/1.1" 404 683
127.0.0.1 - - [06/Mar/2025:12:47:32 +0530] "GET / HTTP/1.1" 404 752
0:0:0:0:0:0:0:1 - - [06/Mar/2025:12:47:32 +0530] "GET /firstwedapp/WEB-INF/reset.html HTTP/1.1" 404 683
0:0:0:0:0:0:0:1 - - [06/Mar/2025:12:47:49 +0530] "GET /firstwedapp/WEB-INF/reset.html HTTP/1.1" 404 683
127.0.0.1 - - [06/Mar/2025:12:49:14 +0530] "GET / HTTP/1.1" 404 752
0:0:0:0:0:0:0:1 - - [06/Mar/2025:12:49:15 +0530] "GET /firstwedapp/WEB-INF/lib/Forgot.html HTTP/1.1" 404 683
0:0:0:0:0:0:0:1 - - [06/Mar/2025:12:50:02 +0530] "GET /firstwedapp/loginfrom.html HTTP/1.1" 304 -
127.0.0.1 - - [06/Mar/2025:12:53:02 +0530] "GET / HTTP/1.1" 404 752
0:0:0:0:0:0:0:1 - - [06/Mar/2025:12:53:03 +0530] "GET /firstwedapp/WEB-INF/lib/Forgot.html HTTP/1.1" 404 683
127.0.0.1 - - [06/Mar/2025:13:05:04 +0530] "GET / HTTP/1.1" 404 752
0:0:0:0:0:0:0:1 - - [06/Mar/2025:13:05:04 +0530] "GET /firstwedapp/WEB-INF/lib/Forgot.html HTTP/1.1" 404 683
0:0:0:0:0:0:0:1 - - [06/Mar/2025:13:06:27 +0530] "GET /firstwedapp/WEB-INF/lib/Forgot.html HTTP/1.1" 404 683
0:0:0:0:0:0:0:1 - - [06/Mar/2025:13:06:44 +0530] "GET /firstwedapp/Forgot HTTP/1.1" 200 14
127.0.0.1 - - [06/Mar/2025:13:08:34 +0530] "GET / HTTP/1.1" 404 752
0:0:0:0:0:0:0:1 - - [06/Mar/2025:13:08:35 +0530] "GET /firstwedapp/WEB-INF/lib/Forgot.html HTTP/1.1" 404 683
127.0.0.1 - - [06/Mar/2025:13:45:52 +0530] "GET / HTTP/1.1" 404 752
0:0:0:0:0:0:0:1 - - [06/Mar/2025:13:45:53 +0530] "GET /firstwedapp/WEB-INF/lib/Forgot.html HTTP/1.1" 404 683
127.0.0.1 - - [06/Mar/2025:13:47:25 +0530] "GET / HTTP/1.1" 404 752
0:0:0:0:0:0:0:1 - - [06/Mar/2025:13:47:26 +0530] "GET /firstwedapp/Forgot.html HTTP/1.1" 200 1601
0:0:0:0:0:0:0:1 - - [06/Mar/2025:13:51:54 +0530] "GET /firstwedapp/Forgot.html HTTP/1.1" 200 1203
0:0:0:0:0:0:0:1 - - [06/Mar/2025:13:52:02 +0530] "GET /firstwedapp/%7B%7Breset_link%7D%7D HTTP/1.1" 404 790
0:0:0:0:0:0:0:1 - - [06/Mar/2025:13:55:02 +0530] "GET /firstwedapp/Forgot.html HTTP/1.1" 200 2972
0:0:0:0:0:0:0:1 - - [06/Mar/2025:13:55:48 +0530] "GET /firstwedapp/Forgot.html HTTP/1.1" 200 2972
0:0:0:0:0:0:0:1 - - [06/Mar/2025:13:56:15 +0530] "GET /firstwedapp/Forgot?email=rahulmadasu2000@gmail.com HTTP/1.1" 200 14
127.0.0.1 - - [06/Mar/2025:13:58:07 +0530] "GET / HTTP/1.1" 404 752
0:0:0:0:0:0:0:1 - - [06/Mar/2025:13:58:07 +0530] "GET /firstwedapp/Forgot HTTP/1.1" 200 14
0:0:0:0:0:0:0:1 - - [06/Mar/2025:13:58:32 +0530] "GET /firstwedapp/Forgot.html HTTP/1.1" 304 -
0:0:0:0:0:0:0:1 - - [06/Mar/2025:13:58:40 +0530] "GET /firstwedapp/Forgot?email=ytdrfgikihgf@ufuijoihg HTTP/1.1" 200 14
0:0:0:0:0:0:0:1 - - [06/Mar/2025:13:59:13 +0530] "GET /firstwedapp/Forgot?email=rahulmadasu2000@gmail.com HTTP/1.1" 200 14
0:0:0:0:0:0:0:1 - - [06/Mar/2025:14:00:25 +0530] "GET /firstwedapp/WEB-INF/reset.html HTTP/1.1" 404 683
127.0.0.1 - - [06/Mar/2025:14:03:33 +0530] "GET / HTTP/1.1" 404 752
0:0:0:0:0:0:0:1 - - [06/Mar/2025:14:03:33 +0530] "GET /firstwedapp/WEB-INF/reset.html HTTP/1.1" 404 683
0:0:0:0:0:0:0:1 - - [06/Mar/2025:14:04:00 +0530] "GET /firstwedapp/WEB-INF/reset.html HTTP/1.1" 404 683
127.0.0.1 - - [06/Mar/2025:14:05:14 +0530] "GET / HTTP/1.1" 404 752
0:0:0:0:0:0:0:1 - - [06/Mar/2025:14:05:15 +0530] "GET /firstwedapp/reset.html HTTP/1.1" 200 3709
127.0.0.1 - - [06/Mar/2025:14:10:52 +0530] "GET / HTTP/1.1" 404 752
0:0:0:0:0:0:0:1 - - [06/Mar/2025:14:10:52 +0530] "GET /firstwedapp/Dashboardhtml.html HTTP/1.1" 200 4358
0:0:0:0:0:0:0:1 - - [06/Mar/2025:14:11:23 +0530] "GET /firstwedapp/login.html HTTP/1.1" 404 778
0:0:0:0:0:0:0:1 - - [06/Mar/2025:14:11:41 +0530] "GET /firstwedapp/Dashboardhtml.html HTTP/1.1" 304 -
127.0.0.1 - - [06/Mar/2025:14:23:31 +0530] "GET / HTTP/1.1" 404 752
0:0:0:0:0:0:0:1 - - [06/Mar/2025:14:23:31 +0530] "GET /firstwedapp/Dashboardhtml.html HTTP/1.1" 200 4377
0:0:0:0:0:0:0:1 - - [06/Mar/2025:14:23:44 +0530] "GET /firstwedapp/login.html HTTP/1.1" 404 778
127.0.0.1 - - [06/Mar/2025:14:29:27 +0530] "GET / HTTP/1.1" 404 752
0:0:0:0:0:0:0:1 - - [06/Mar/2025:14:29:27 +0530] "GET /firstwedapp/WEB-INF/classes/perform/dashboard.java HTTP/1.1" 404 683
0:0:0:0:0:0:0:1 - - [06/Mar/2025:14:32:34 +0530] "GET /firstwedapp/Dashboardhtml.html HTTP/1.1" 200 3747
127.0.0.1 - - [06/Mar/2025:14:36:36 +0530] "GET / HTTP/1.1" 404 752
0:0:0:0:0:0:0:1 - - [06/Mar/2025:14:36:37 +0530] "GET /firstwedapp/Dashboardhtml.html HTTP/1.1" 200 4388
127.0.0.1 - - [06/Mar/2025:14:40:04 +0530] "GET / HTTP/1.1" 404 752
0:0:0:0:0:0:0:1 - - [06/Mar/2025:14:40:04 +0530] "GET /firstwedapp/Dashboardhtml.html HTTP/1.1" 200 4160
127.0.0.1 - - [06/Mar/2025:14:52:12 +0530] "GET / HTTP/1.1" 404 752
0:0:0:0:0:0:0:1 - - [06/Mar/2025:14:52:12 +0530] "GET /firstwedapp/Dashboardhtml.html HTTP/1.1" 200 4058
127.0.0.1 - - [06/Mar/2025:14:56:45 +0530] "GET / HTTP/1.1" 404 752
0:0:0:0:0:0:0:1 - - [06/Mar/2025:14:56:45 +0530] "GET /firstwedapp/Dashboardhtml.html HTTP/1.1" 200 6099
127.0.0.1 - - [06/Mar/2025:14:59:59 +0530] "GET / HTTP/1.1" 404 752
0:0:0:0:0:0:0:1 - - [06/Mar/2025:14:59:59 +0530] "GET /firstwedapp/Dashboardhtml.html HTTP/1.1" 200 6328
0:0:0:0:0:0:0:1 - - [06/Mar/2025:15:01:05 +0530] "GET /firstwedapp/reset.html HTTP/1.1" 304 -
0:0:0:0:0:0:0:1 - - [06/Mar/2025:15:01:25 +0530] "GET /firstwedapp/Forgot.html HTTP/1.1" 304 -
0:0:0:0:0:0:0:1 - - [06/Mar/2025:15:01:38 +0530] "GET /firstwedapp/Forgot?email=knbvbjcdshhscdsuchys@swds HTTP/1.1" 200 14
0:0:0:0:0:0:0:1 - - [06/Mar/2025:15:02:09 +0530] "GET /firstwedapp/Forgot?email=rahulmadasu2000@gmail.com HTTP/1.1" 200 14
127.0.0.1 - - [06/Mar/2025:15:03:47 +0530] "GET / HTTP/1.1" 404 752
127.0.0.1 - - [06/Mar/2025:15:04:51 +0530] "GET / HTTP/1.1" 404 752
0:0:0:0:0:0:0:1 - - [06/Mar/2025:15:04:52 +0530] "GET /firstwedapp/Forgot HTTP/1.1" 200 14
0:0:0:0:0:0:0:1 - - [06/Mar/2025:15:05:31 +0530] "GET /firstwedapp/Forgot?email=scdfbtgfsdf@fdvd HTTP/1.1" 200 14
0:0:0:0:0:0:0:1 - - [06/Mar/2025:15:05:59 +0530] "GET /firstwedapp/Forgot?email=rahulmadasu2000@gmail.com HTTP/1.1" 200 14
127.0.0.1 - - [06/Mar/2025:15:08:01 +0530] "GET / HTTP/1.1" 404 752
0:0:0:0:0:0:0:1 - - [06/Mar/2025:15:08:02 +0530] "GET /firstwedapp/Forgot HTTP/1.1" 200 19
127.0.0.1 - - [06/Mar/2025:15:09:41 +0530] "GET / HTTP/1.1" 404 752
0:0:0:0:0:0:0:1 - - [06/Mar/2025:15:09:41 +0530] "GET /firstwedapp/Forgot.html HTTP/1.1" 304 -
0:0:0:0:0:0:0:1 - - [06/Mar/2025:15:09:50 +0530] "GET /firstwedapp/Forgot?email=rtsvyssyh@hwuhdu HTTP/1.1" 200 19
0:0:0:0:0:0:0:1 - - [06/Mar/2025:15:10:18 +0530] "GET /firstwedapp/Forgot?email=rahulmadasu2000@gmail.com HTTP/1.1" 200 16
127.0.0.1 - - [06/Mar/2025:15:13:55 +0530] "GET / HTTP/1.1" 404 752
0:0:0:0:0:0:0:1 - - [06/Mar/2025:15:13:56 +0530] "GET /firstwedapp/loginfrom.html HTTP/1.1" 304 -
0:0:0:0:0:0:0:1 - - [06/Mar/2025:15:14:46 +0530] "GET /firstwedapp/loginfrom HTTP/1.1" 200 19
0:0:0:0:0:0:0:1 - - [06/Mar/2025:15:15:50 +0530] "GET /firstwedapp/loginfrom HTTP/1.1" 200 19
127.0.0.1 - - [06/Mar/2025:15:19:09 +0530] "GET / HTTP/1.1" 404 752
0:0:0:0:0:0:0:1 - - [06/Mar/2025:15:19:44 +0530] "GET /firstwedapp/loginfrom HTTP/1.1" 200 19
127.0.0.1 - - [06/Mar/2025:15:21:57 +0530] "GET / HTTP/1.1" 404 752
0:0:0:0:0:0:0:1 - - [06/Mar/2025:15:22:24 +0530] "GET /firstwedapp/loginfrom HTTP/1.1" 200 19
127.0.0.1 - - [06/Mar/2025:15:24:25 +0530] "GET / HTTP/1.1" 404 752
0:0:0:0:0:0:0:1 - - [06/Mar/2025:15:24:49 +0530] "GET /firstwedapp/loginfrom HTTP/1.1" 200 19
127.0.0.1 - - [06/Mar/2025:15:30:38 +0530] "GET / HTTP/1.1" 404 752
0:0:0:0:0:0:0:1 - - [06/Mar/2025:15:31:19 +0530] "GET /firstwedapp/loginfrom HTTP/1.1" 200 19
0:0:0:0:0:0:0:1 - - [06/Mar/2025:15:31:33 +0530] "GET /firstwedapp/loginfrom HTTP/1.1" 200 19
127.0.0.1 - - [06/Mar/2025:15:32:25 +0530] "GET / HTTP/1.1" 404 752
0:0:0:0:0:0:0:1 - - [06/Mar/2025:15:32:34 +0530] "GET /firstwedapp/loginfrom HTTP/1.1" 200 19
0:0:0:0:0:0:0:1 - - [06/Mar/2025:15:33:13 +0530] "GET /firstwedapp/loginfrom HTTP/1.1" 200 19
127.0.0.1 - - [06/Mar/2025:15:35:38 +0530] "GET / HTTP/1.1" 404 752
0:0:0:0:0:0:0:1 - - [06/Mar/2025:15:36:11 +0530] "GET /firstwedapp/loginfrom HTTP/1.1" 200 19
127.0.0.1 - - [06/Mar/2025:15:38:00 +0530] "GET / HTTP/1.1" 404 752
0:0:0:0:0:0:0:1 - - [06/Mar/2025:15:38:25 +0530] "GET /firstwedapp/loginfrom HTTP/1.1" 200 19
0:0:0:0:0:0:0:1 - - [06/Mar/2025:15:39:05 +0530] "GET /firstwedapp/loginfrom HTTP/1.1" 200 19
127.0.0.1 - - [06/Mar/2025:15:43:25 +0530] "GET / HTTP/1.1" 404 752
0:0:0:0:0:0:0:1 - - [06/Mar/2025:15:43:25 +0530] "GET /firstwedapp/loginfrom HTTP/1.1" 200 19
127.0.0.1 - - [06/Mar/2025:15:44:03 +0530] "GET / HTTP/1.1" 404 752
0:0:0:0:0:0:0:1 - - [06/Mar/2025:15:44:04 +0530] "GET /firstwedapp/loginfrom HTTP/1.1" 200 19
127.0.0.1 - - [06/Mar/2025:15:46:57 +0530] "GET / HTTP/1.1" 404 752
0:0:0:0:0:0:0:1 - - [06/Mar/2025:15:46:57 +0530] "GET /firstwedapp/WEB-INF/classes/perform/dashboard.java HTTP/1.1" 404 683
127.0.0.1 - - [06/Mar/2025:15:49:50 +0530] "GET / HTTP/1.1" 404 752
0:0:0:0:0:0:0:1 - - [06/Mar/2025:15:49:51 +0530] "GET /firstwedapp/WEB-INF/classes/perform/dashboard.java HTTP/1.1" 404 683
0:0:0:0:0:0:0:1 - - [06/Mar/2025:15:51:48 +0530] "GET /firstwedapp/Forgot.html HTTP/1.1" 304 -
0:0:0:0:0:0:0:1 - - [06/Mar/2025:15:51:55 +0530] "GET /firstwedapp/Forgot?email=bgdhdi@huddhs HTTP/1.1" 200 19
0:0:0:0:0:0:0:1 - - [06/Mar/2025:15:52:57 +0530] "GET /firstwedapp/Forgot?email=rahulmadasu2000@gmail.com HTTP/1.1" 200 16
127.0.0.1 - - [06/Mar/2025:15:55:14 +0530] "GET / HTTP/1.1" 404 752
0:0:0:0:0:0:0:1 - - [06/Mar/2025:15:55:15 +0530] "GET /firstwedapp/loginfrom.html HTTP/1.1" 200 1843
0:0:0:0:0:0:0:1 - - [06/Mar/2025:15:55:26 +0530] "GET /firstwedapp/loginfrom HTTP/1.1" 200 19
127.0.0.1 - - [06/Mar/2025:16:00:45 +0530] "GET / HTTP/1.1" 404 752
0:0:0:0:0:0:0:1 - - [06/Mar/2025:16:00:45 +0530] "GET /firstwedapp/loginfrom.html HTTP/1.1" 304 -
0:0:0:0:0:0:0:1 - - [06/Mar/2025:16:00:54 +0530] "GET /firstwedapp/loginfrom HTTP/1.1" 200 19
127.0.0.1 - - [06/Mar/2025:16:06:38 +0530] "GET / HTTP/1.1" 404 752
0:0:0:0:0:0:0:1 - - [06/Mar/2025:16:06:38 +0530] "GET /firstwedapp/loginfrom.html HTTP/1.1" 304 -
0:0:0:0:0:0:0:1 - - [06/Mar/2025:16:06:53 +0530] "GET /firstwedapp/loginfrom HTTP/1.1" 200 19
0:0:0:0:0:0:0:1 - - [06/Mar/2025:16:07:13 +0530] "GET /firstwedapp/loginfrom HTTP/1.1" 200 19
127.0.0.1 - - [06/Mar/2025:16:12:28 +0530] "GET / HTTP/1.1" 404 752
0:0:0:0:0:0:0:1 - - [06/Mar/2025:16:12:28 +0530] "GET /firstwedapp/WEB-INF/classes/perform/dashboard.java HTTP/1.1" 404 683
0:0:0:0:0:0:0:1 - - [06/Mar/2025:16:13:30 +0530] "GET /firstwedapp/loginfrom HTTP/1.1" 200 19
127.0.0.1 - - [06/Mar/2025:16:14:48 +0530] "GET / HTTP/1.1" 404 752
0:0:0:0:0:0:0:1 - - [06/Mar/2025:16:14:49 +0530] "GET /firstwedapp/loginfrom.html HTTP/1.1" 200 1828
0:0:0:0:0:0:0:1 - - [06/Mar/2025:16:15:07 +0530] "GET /firstwedapp/loginfrom HTTP/1.1" 200 19
127.0.0.1 - - [06/Mar/2025:16:16:15 +0530] "GET / HTTP/1.1" 404 752
0:0:0:0:0:0:0:1 - - [06/Mar/2025:16:16:15 +0530] "GET /firstwedapp/loginfrom HTTP/1.1" 200 19
127.0.0.1 - - [06/Mar/2025:16:21:51 +0530] "GET / HTTP/1.1" 404 752
0:0:0:0:0:0:0:1 - - [06/Mar/2025:16:21:51 +0530] "GET /firstwedapp/loginfrom HTTP/1.1" 200 19
0:0:0:0:0:0:0:1 - - [06/Mar/2025:16:27:40 +0530] "GET /firstwedapp/email.html HTTP/1.1" 304 -
0:0:0:0:0:0:0:1 - - [06/Mar/2025:16:28:13 +0530] "GET /firstwedapp/email?firstname=rahul&lastname=madasu&email=jhjjfjhdksld@sds&password=sdsds&gender=male HTTP/1.1" 200 14
0:0:0:0:0:0:0:1 - - [06/Mar/2025:16:29:12 +0530] "GET /firstwedapp/Forgot.html HTTP/1.1" 304 -
0:0:0:0:0:0:0:1 - - [06/Mar/2025:16:29:21 +0530] "GET /firstwedapp/Forgot?email=rhuahsl@iljokfeo HTTP/1.1" 200 19
0:0:0:0:0:0:0:1 - - [06/Mar/2025:16:29:54 +0530] "GET /firstwedapp/Forgot?email=rahulmadasu2000@gmail.com HTTP/1.1" 200 16
0:0:0:0:0:0:0:1 - - [06/Mar/2025:16:31:22 +0530] "GET /firstwedapp/email?firstname=tygdsjidkdgys&lastname=sdghudsiujdihsy&email=rahulmadasu2000@gmail.com&password=password&gender=male HTTP/1.1" 200 14
0:0:0:0:0:0:0:1 - - [06/Mar/2025:16:31:34 +0530] "GET /firstwedapp/email?firstname=tygdsjidkdgys&lastname=sdghudsiujdihsy&email=rahulmadasu2000@gmail.com&password=jdiofkpdfid&gender=male HTTP/1.1" 200 14
0:0:0:0:0:0:0:1 - - [06/Mar/2025:16:31:41 +0530] "GET /firstwedapp/email?firstname=tygdsjidkdgys&lastname=sdghudsiujdihsy&email=rahulmadasu2000@gmail.comkjshgdjfkjkbflkdjf&password=jdiofkpdfid&gender=male HTTP/1.1" 200 14
127.0.0.1 - - [06/Mar/2025:16:33:45 +0530] "GET / HTTP/1.1" 404 752
0:0:0:0:0:0:0:1 - - [06/Mar/2025:16:34:06 +0530] "GET /firstwedapp/email?firstname=rasjjdjhdhj&lastname=kfdskjdhsjkf&email=fdgdsa@dfdsvd&password=dfdfd+&gender=male HTTP/1.1" 200 60
0:0:0:0:0:0:0:1 - - [06/Mar/2025:16:34:45 +0530] "GET /firstwedapp/email?firstname=rasjjdjhdhj&lastname=kfdskjdhsjkf&email=rahulmadasu2000@gmail.com&password=password&gender=male HTTP/1.1" 200 244
127.0.0.1 - - [06/Mar/2025:16:36:30 +0530] "GET / HTTP/1.1" 404 752
0:0:0:0:0:0:0:1 - - [06/Mar/2025:16:36:40 +0530] "GET /firstwedapp/Forgot?email=hydeoiefgdsu@jfhd HTTP/1.1" 200 19
0:0:0:0:0:0:0:1 - - [06/Mar/2025:16:37:05 +0530] "GET /firstwedapp/Forgot?email=rahulmadasu2000@gmail.com HTTP/1.1" 200 16
0:0:0:0:0:0:0:1 - - [06/Mar/2025:16:38:30 +0530] "GET /firstwedapp/reset.html HTTP/1.1" 304 -
0:0:0:0:0:0:0:1 - - [06/Mar/2025:16:40:09 +0530] "GET /firstwedapp/email?firstname=rahul&lastname=madasu&email=jskn2@lknek&password=jskdjvs&gender=male HTTP/1.1" 200 60
0:0:0:0:0:0:0:1 - - [06/Mar/2025:16:40:53 +0530] "GET /firstwedapp/loginfrom.html HTTP/1.1" 304 -
0:0:0:0:0:0:0:1 - - [06/Mar/2025:16:41:12 +0530] "GET /firstwedapp/loginfrom HTTP/1.1" 200 19
127.0.0.1 - - [06/Mar/2025:16:44:25 +0530] "GET / HTTP/1.1" 404 752
127.0.0.1 - - [06/Mar/2025:16:55:58 +0530] "GET / HTTP/1.1" 404 752
0:0:0:0:0:0:0:1 - - [06/Mar/2025:16:55:58 +0530] "GET /firstwedapp/reset.html HTTP/1.1" 200 3736
0:0:0:0:0:0:0:1 - - [06/Mar/2025:16:56:15 +0530] "GET /firstwedapp/resetPassword?password=rahul&confirm-password=rahul HTTP/1.1" 405 752
127.0.0.1 - - [06/Mar/2025:17:01:31 +0530] "GET / HTTP/1.1" 404 752
0:0:0:0:0:0:0:1 - - [06/Mar/2025:17:01:32 +0530] "GET /firstwedapp/reset.html HTTP/1.1" 200 3732
0:0:0:0:0:0:0:1 - - [06/Mar/2025:17:01:41 +0530] "GET /firstwedapp/resetName?password=rahul&confirm-password=rahul HTTP/1.1" 405 752
0:0:0:0:0:0:0:1 - - [06/Mar/2025:17:02:37 +0530] "GET /firstwedapp/resetName?password=hejfdj&confirm-password=rahul HTTP/1.1" 405 752
0:0:0:0:0:0:0:1 - - [06/Mar/2025:17:07:01 +0530] "GET /firstwedapp/resetPassword?password=rahul&confirm-password=vdfhf HTTP/1.1" 404 781
127.0.0.1 - - [06/Mar/2025:17:07:21 +0530] "GET / HTTP/1.1" 404 752
0:0:0:0:0:0:0:1 - - [06/Mar/2025:17:07:22 +0530] "GET /firstwedapp/reset.html HTTP/1.1" 304 -
0:0:0:0:0:0:0:1 - - [06/Mar/2025:17:07:29 +0530] "GET /firstwedapp/resetName?password=rahuj&confirm-password=jwhek HTTP/1.1" 405 752
127.0.0.1 - - [06/Mar/2025:17:08:15 +0530] "GET / HTTP/1.1" 404 752
0:0:0:0:0:0:0:1 - - [06/Mar/2025:17:08:16 +0530] "GET /firstwedapp/reset.html HTTP/1.1" 200 3716
0:0:0:0:0:0:0:1 - - [06/Mar/2025:17:08:24 +0530] "GET /firstwedapp/resetName?password=y5uydgf&confirm-password=gtuyy HTTP/1.1" 405 752
0:0:0:0:0:0:0:1 - - [06/Mar/2025:17:09:02 +0530] "GET /firstwedapp/resetName?password=rahuj&confirm-password=jwhek HTTP/1.1" 405 752
127.0.0.1 - - [06/Mar/2025:17:12:34 +0530] "GET / HTTP/1.1" 404 752
0:0:0:0:0:0:0:1 - - [06/Mar/2025:17:12:35 +0530] "GET /firstwedapp/reset.html HTTP/1.1" 200 3720
0:0:0:0:0:0:0:1 - - [06/Mar/2025:17:12:43 +0530] "GET /firstwedapp/resetPassword?password=iriroe&confirm-password=frtre HTTP/1.1" 405 752
127.0.0.1 - - [06/Mar/2025:17:16:33 +0530] "GET / HTTP/1.1" 404 752
0:0:0:0:0:0:0:1 - - [06/Mar/2025:17:16:33 +0530] "GET /firstwedapp/reset.html HTTP/1.1" 304 -
0:0:0:0:0:0:0:1 - - [06/Mar/2025:17:16:55 +0530] "GET /firstwedapp/resetPassword?password=fdgffs&confirm-password=dsdfhgf HTTP/1.1" 405 752
0:0:0:0:0:0:0:1 - - [06/Mar/2025:17:17:48 +0530] "GET /firstwedapp/Forgot.html HTTP/1.1" 304 -
0:0:0:0:0:0:0:1 - - [06/Mar/2025:17:17:59 +0530] "GET /firstwedapp/Forgot?email=hdhjhshb@hwjjd HTTP/1.1" 200 19
0:0:0:0:0:0:0:1 - - [06/Mar/2025:17:18:24 +0530] "GET /firstwedapp/Forgot?email=rahulmadasu2000@gmail.com HTTP/1.1" 200 16
0:0:0:0:0:0:0:1 - - [06/Mar/2025:17:19:11 +0530] "GET /firstwedapp/email.html HTTP/1.1" 304 -
0:0:0:0:0:0:0:1 - - [06/Mar/2025:17:19:43 +0530] "GET /firstwedapp/email?firstname=hhcdkjsjbshah&lastname=ushdsjdjsu&email=rahulmadasu2000@gmail.com&password=password&gender=male HTTP/1.1" 200 244
0:0:0:0:0:0:0:1 - - [06/Mar/2025:17:21:14 +0530] "GET /firstwedapp/loginfrom.html HTTP/1.1" 304 -
0:0:0:0:0:0:0:1 - - [06/Mar/2025:17:21:28 +0530] "GET /firstwedapp/loginfrom HTTP/1.1" 200 19
127.0.0.1 - - [06/Mar/2025:17:29:52 +0530] "GET / HTTP/1.1" 404 752
0:0:0:0:0:0:0:1 - - [06/Mar/2025:17:29:53 +0530] "GET /firstwedapp/loginfrom.html HTTP/1.1" 200 1828
0:0:0:0:0:0:0:1 - - [06/Mar/2025:17:30:14 +0530] "GET /firstwedapp/Loginfrom HTTP/1.1" 200 60
0:0:0:0:0:0:0:1 - - [06/Mar/2025:17:31:21 +0530] "GET /firstwedapp/loginfrom.html HTTP/1.1" 304 -
0:0:0:0:0:0:0:1 - - [06/Mar/2025:17:31:31 +0530] "GET /firstwedapp/Loginfrom HTTP/1.1" 200 60
127.0.0.1 - - [06/Mar/2025:17:33:50 +0530] "GET / HTTP/1.1" 404 752
0:0:0:0:0:0:0:1 - - [06/Mar/2025:17:33:51 +0530] "GET /firstwedapp/loginfrom.html HTTP/1.1" 304 -
0:0:0:0:0:0:0:1 - - [06/Mar/2025:17:34:00 +0530] "GET /firstwedapp/Loginfrom HTTP/1.1" 200 60
127.0.0.1 - - [06/Mar/2025:17:36:24 +0530] "GET / HTTP/1.1" 404 752
0:0:0:0:0:0:0:1 - - [06/Mar/2025:17:36:25 +0530] "GET /firstwedapp/loginfrom.html HTTP/1.1" 200 1828
0:0:0:0:0:0:0:1 - - [06/Mar/2025:17:36:40 +0530] "GET /firstwedapp/Loginfrom HTTP/1.1" 200 60
0:0:0:0:0:0:0:1 - - [06/Mar/2025:17:37:10 +0530] "GET /firstwedapp/ HTTP/1.1" 404 768
0:0:0:0:0:0:0:1 - - [06/Mar/2025:17:37:36 +0530] "GET /firstwedapp/loginfrom.html HTTP/1.1" 304 -
0:0:0:0:0:0:0:1 - - [06/Mar/2025:17:37:48 +0530] "GET /firstwedapp/Loginfrom HTTP/1.1" 200 60
127.0.0.1 - - [06/Mar/2025:17:43:15 +0530] "GET / HTTP/1.1" 404 752
0:0:0:0:0:0:0:1 - - [06/Mar/2025:17:43:16 +0530] "GET /firstwedapp/loginfrom.html HTTP/1.1" 304 -
0:0:0:0:0:0:0:1 - - [06/Mar/2025:17:43:27 +0530] "GET /firstwedapp/Loginfrom HTTP/1.1" 200 60
127.0.0.1 - - [06/Mar/2025:17:45:25 +0530] "GET / HTTP/1.1" 404 752
0:0:0:0:0:0:0:1 - - [06/Mar/2025:17:45:25 +0530] "GET /firstwedapp/loginfrom.html HTTP/1.1" 200 1765
0:0:0:0:0:0:0:1 - - [06/Mar/2025:17:45:32 +0530] "GET /firstwedapp/Loginfrom HTTP/1.1" 200 60
127.0.0.1 - - [06/Mar/2025:17:47:15 +0530] "GET / HTTP/1.1" 404 752
0:0:0:0:0:0:0:1 - - [06/Mar/2025:17:47:16 +0530] "GET /firstwedapp/Loginfrom HTTP/1.1" 200 60
127.0.0.1 - - [06/Mar/2025:17:48:39 +0530] "GET / HTTP/1.1" 404 752
0:0:0:0:0:0:0:1 - - [06/Mar/2025:17:48:40 +0530] "GET /firstwedapp/loginfrom.html HTTP/1.1" 200 1797
0:0:0:0:0:0:0:1 - - [06/Mar/2025:17:48:48 +0530] "GET /firstwedapp/Loginfrom?username=rahul&password=lasdkflsk HTTP/1.1" 200 143
127.0.0.1 - - [06/Mar/2025:17:53:48 +0530] "GET / HTTP/1.1" 404 752
0:0:0:0:0:0:0:1 - - [06/Mar/2025:17:53:49 +0530] "GET /firstwedapp/loginfrom.html HTTP/1.1" 200 1694
0:0:0:0:0:0:0:1 - - [06/Mar/2025:17:54:08 +0530] "GET /firstwedapp/Loginfrom?username=fyujkutt&password=hyfhyyu HTTP/1.1" 200 60
0:0:0:0:0:0:0:1 - - [06/Mar/2025:17:54:44 +0530] "GET /firstwedapp/Loginfrom?username=rahul&password=password HTTP/1.1" 200 142
127.0.0.1 - - [06/Mar/2025:17:56:29 +0530] "GET / HTTP/1.1" 404 752
0:0:0:0:0:0:0:1 - - [06/Mar/2025:17:56:30 +0530] "GET /firstwedapp/reset.html HTTP/1.1" 304 -
127.0.0.1 - - [06/Mar/2025:18:12:00 +0530] "GET / HTTP/1.1" 404 752
0:0:0:0:0:0:0:1 - - [06/Mar/2025:18:12:01 +0530] "GET /firstwedapp/reset.html HTTP/1.1" 304 -
0:0:0:0:0:0:0:1 - - [06/Mar/2025:18:12:13 +0530] "GET /firstwedapp/resetPassword?password=raghcd&confirm-password=odkvfos HTTP/1.1" 404 781
127.0.0.1 - - [06/Mar/2025:18:15:55 +0530] "GET / HTTP/1.1" 404 752
0:0:0:0:0:0:0:1 - - [06/Mar/2025:18:16:06 +0530] "GET /firstwedapp/resetPassword?password=rahul&confirm-password=rahul HTTP/1.1" 404 781
127.0.0.1 - - [06/Mar/2025:18:20:03 +0530] "GET / HTTP/1.1" 404 752
0:0:0:0:0:0:0:1 - - [06/Mar/2025:18:20:04 +0530] "GET /firstwedapp/reset.html HTTP/1.1" 200 3716
0:0:0:0:0:0:0:1 - - [06/Mar/2025:18:20:17 +0530] "GET /firstwedapp/Resetname?password=rahul&confirm-password=rahul HTTP/1.1" 200 60
0:0:0:0:0:0:0:1 - - [06/Mar/2025:18:21:12 +0530] "GET /firstwedapp/reset.html HTTP/1.1" 304 -
0:0:0:0:0:0:0:1 - - [06/Mar/2025:18:21:20 +0530] "GET /firstwedapp/Resetname?password=sfdff&confirm-password=dfdcdvf HTTP/1.1" 200 60
0:0:0:0:0:0:0:1 - - [06/Mar/2025:18:22:57 +0530] "GET /firstwedapp/resetPassword?password=rahul&confirm-password=rahul HTTP/1.1" 404 781
0:0:0:0:0:0:0:1 - - [06/Mar/2025:18:23:19 +0530] "GET /firstwedapp/reset.html HTTP/1.1" 304 -
0:0:0:0:0:0:0:1 - - [06/Mar/2025:18:23:27 +0530] "GET /firstwedapp/Resetname?password=gdvbchdh&confirm-password=uhdjfkbwh HTTP/1.1" 200 60
127.0.0.1 - - [06/Mar/2025:18:25:35 +0530] "GET / HTTP/1.1" 404 752
0:0:0:0:0:0:0:1 - - [06/Mar/2025:18:25:35 +0530] "GET /firstwedapp/reset.html HTTP/1.1" 304 -
0:0:0:0:0:0:0:1 - - [06/Mar/2025:18:25:44 +0530] "GET /firstwedapp/Resetname?password=rahul&confirm-password=rahul HTTP/1.1" 200 60
0:0:0:0:0:0:0:1 - - [06/Mar/2025:18:25:59 +0530] "GET /firstwedapp/Resetname?password=ufkekde&confirm-password=eufgijred HTTP/1.1" 200 60
127.0.0.1 - - [06/Mar/2025:18:29:52 +0530] "GET / HTTP/1.1" 404 752
0:0:0:0:0:0:0:1 - - [06/Mar/2025:18:29:53 +0530] "GET /firstwedapp/reset.html HTTP/1.1" 304 -
0:0:0:0:0:0:0:1 - - [06/Mar/2025:18:29:59 +0530] "GET /firstwedapp/Resetname?password=hdyudh&confirm-password=hcdyuvd HTTP/1.1" 200 60
0:0:0:0:0:0:0:1 - - [06/Mar/2025:18:30:18 +0530] "GET /firstwedapp/Resetname?password=rahul&confirm-password=rahul HTTP/1.1" 200 60
127.0.0.1 - - [06/Mar/2025:18:35:14 +0530] "GET / HTTP/1.1" 404 752
0:0:0:0:0:0:0:1 - - [06/Mar/2025:18:35:14 +0530] "GET /firstwedapp/reset.html HTTP/1.1" 200 2963
127.0.0.1 - - [06/Mar/2025:18:38:03 +0530] "GET / HTTP/1.1" 404 752
0:0:0:0:0:0:0:1 - - [06/Mar/2025:18:38:03 +0530] "GET /firstwedapp/reset.html HTTP/1.1" 200 2644
0:0:0:0:0:0:0:1 - - [06/Mar/2025:18:38:21 +0530] "GET /firstwedapp/Resetname?password=ragkjdjsk&confirm-password=hdgcdghj HTTP/1.1" 200 60
0:0:0:0:0:0:0:1 - - [06/Mar/2025:18:38:39 +0530] "GET /firstwedapp/Resetname?password=rahul&confirm-password=rahul HTTP/1.1" 200 160
127.0.0.1 - - [06/Mar/2025:18:42:20 +0530] "GET / HTTP/1.1" 404 752
0:0:0:0:0:0:0:1 - - [06/Mar/2025:18:42:20 +0530] "GET /firstwedapp/reset.html HTTP/1.1" 304 -
0:0:0:0:0:0:0:1 - - [06/Mar/2025:18:42:35 +0530] "GET /firstwedapp/Resetname?password=rahul&confirm-password=rahul HTTP/1.1" 200 160
127.0.0.1 - - [06/Mar/2025:19:52:05 +0530] "GET / HTTP/1.1" 404 752
0:0:0:0:0:0:0:1 - - [06/Mar/2025:19:52:06 +0530] "GET /firstwedapp/Dashboardhtml.html HTTP/1.1" 200 6328
0:0:0:0:0:0:0:1 - - [06/Mar/2025:20:00:09 +0530] "GET /firstwedapp/loginfrom.html HTTP/1.1" 200 1694
127.0.0.1 - - [06/Mar/2025:20:04:32 +0530] "GET / HTTP/1.1" 404 752
0:0:0:0:0:0:0:1 - - [06/Mar/2025:20:04:33 +0530] "GET /firstwedapp/email.html HTTP/1.1" 200 3059
0:0:0:0:0:0:0:1 - - [06/Mar/2025:20:05:21 +0530] "GET /firstwedapp/email?firstname=ytytyrtrtftyr&lastname=utyuuyuyu&email=hjhuytyrftyyu2HHF@IJ&password=FRyjhy&gender=male HTTP/1.1" 200 60
0:0:0:0:0:0:0:1 - - [06/Mar/2025:20:06:31 +0530] "GET /firstwedapp/email?firstname=ytytyrtrtftyr&lastname=utyuuyuyu&email=rahulmadasu2000@gmail.com&password=password&gender=male HTTP/1.1" 200 243
127.0.0.1 - - [06/Mar/2025:20:42:03 +0530] "GET / HTTP/1.1" 404 752
0:0:0:0:0:0:0:1 - - [06/Mar/2025:20:42:03 +0530] "GET /firstwedapp/Dashboardhtml.html HTTP/1.1" 200 6361
0:0:0:0:0:0:0:1 - - [06/Mar/2025:20:42:26 +0530] "GET /firstwedapp/dashboard?city=ongole&state=ap&country=india HTTP/1.1" 500 14
0:0:0:0:0:0:0:1 - - [06/Mar/2025:20:42:45 +0530] "GET /firstwedapp/Dashboardhtml.html HTTP/1.1" 304 -
127.0.0.1 - - [06/Mar/2025:20:53:11 +0530] "GET / HTTP/1.1" 404 752
0:0:0:0:0:0:0:1 - - [06/Mar/2025:20:53:12 +0530] "GET /firstwedapp/Dashboardhtml.html HTTP/1.1" 304 -
0:0:0:0:0:0:0:1 - - [06/Mar/2025:20:53:31 +0530] "GET /firstwedapp/dashboard?city=ongole&state=ap&country=india HTTP/1.1" 404 777
127.0.0.1 - - [06/Mar/2025:20:54:46 +0530] "GET / HTTP/1.1" 404 752
0:0:0:0:0:0:0:1 - - [06/Mar/2025:20:54:47 +0530] "GET /firstwedapp/Dashboardhtml.html HTTP/1.1" 200 6361
0:0:0:0:0:0:0:1 - - [06/Mar/2025:20:58:35 +0530] "GET /firstwedapp/Dashboardhtml.html?fatherName=prasadu&motherName=padma&siblings=2 HTTP/1.1" 200 6361
0:0:0:0:0:0:0:1 - - [06/Mar/2025:21:02:25 +0530] "GET /firstwedapp/Dashboardhtml.html?qualification=dgdfdf&passoutYear=2023&percentage=8.9 HTTP/1.1" 200 6361
127.0.0.1 - - [06/Mar/2025:21:07:32 +0530] "GET / HTTP/1.1" 404 752
0:0:0:0:0:0:0:1 - - [06/Mar/2025:21:07:32 +0530] "GET /firstwedapp/Dashboardhtml.html HTTP/1.1" 200 6361
0:0:0:0:0:0:0:1 - - [06/Mar/2025:21:07:49 +0530] "GET /firstwedapp/dashboard?city=njjdfjjdhsdhjasj&state=vdfgdddffbgdrfghjgdffghgft&country=ghfhgjhf HTTP/1.1" 500 1485
127.0.0.1 - - [06/Mar/2025:21:13:08 +0530] "GET / HTTP/1.1" 404 752
0:0:0:0:0:0:0:1 - - [06/Mar/2025:21:13:08 +0530] "GET /firstwedapp/Dashboardhtml.html HTTP/1.1" 304 -
0:0:0:0:0:0:0:1 - - [06/Mar/2025:21:13:41 +0530] "GET /firstwedapp/dashboard?city=ongole&state=ap&country=india HTTP/1.1" 404 777
0:0:0:0:0:0:0:1 - - [06/Mar/2025:21:17:14 +0530] "GET /firstwedapp/Dashboardhtml.html HTTP/1.1" 304 -
127.0.0.1 - - [06/Mar/2025:21:22:35 +0530] "GET / HTTP/1.1" 404 752
0:0:0:0:0:0:0:1 - - [06/Mar/2025:21:22:36 +0530] "GET /firstwedapp/dashboard HTTP/1.1" 200 266
0:0:0:0:0:0:0:1 - - [06/Mar/2025:21:22:54 +0530] "GET /firstwedapp/Dashboardhtml.html HTTP/1.1" 304 -
0:0:0:0:0:0:0:1 - - [06/Mar/2025:21:24:00 +0530] "GET /firstwedapp/Dashboardhtml.html?qualification=deds&passoutYear=5546&percentage=8.5 HTTP/1.1" 200 6361
127.0.0.1 - - [06/Mar/2025:21:32:31 +0530] "GET / HTTP/1.1" 404 752
0:0:0:0:0:0:0:1 - - [06/Mar/2025:21:32:31 +0530] "GET /firstwedapp/Dashboardhtml.html HTTP/1.1" 304 -
0:0:0:0:0:0:0:1 - - [06/Mar/2025:21:32:49 +0530] "GET /firstwedapp/dashboard?city=gsdfvgfgfjgfg&state=dghhjkyjtfgtryhjgyuky&country=knfhfjgkgfkk HTTP/1.1" 405 752
127.0.0.1 - - [06/Mar/2025:21:42:42 +0530] "GET / HTTP/1.1" 404 752
0:0:0:0:0:0:0:1 - - [06/Mar/2025:21:42:42 +0530] "GET /firstwedapp/dashboard HTTP/1.1" 200 181
0:0:0:0:0:0:0:1 - - [06/Mar/2025:21:43:04 +0530] "GET /firstwedapp/Dashboardhtml.html HTTP/1.1" 304 -
0:0:0:0:0:0:0:1 - - [06/Mar/2025:21:44:20 +0530] "GET /firstwedapp/dashboard?city=jhefuhgdh&state=euhjfkjfjwieuhu&country=jgebhwj HTTP/1.1" 200 181
0:0:0:0:0:0:0:1 - - [06/Mar/2025:21:44:52 +0530] "GET /firstwedapp/dashboard?city=ongole&state=ap&country=india HTTP/1.1" 200 195
127.0.0.1 - - [06/Mar/2025:21:49:49 +0530] "GET / HTTP/1.1" 404 752
0:0:0:0:0:0:0:1 - - [06/Mar/2025:21:49:49 +0530] "GET /firstwedapp/dashboard HTTP/1.1" 200 80
0:0:0:0:0:0:0:1 - - [06/Mar/2025:21:50:29 +0530] "GET /firstwedapp/Dashboardhtml.html HTTP/1.1" 304 -
0:0:0:0:0:0:0:1 - - [06/Mar/2025:21:51:35 +0530] "GET /firstwedapp/dashboard?city=vgsgshgs&state=gsydhdhd&country=ydgydhvdudbshhdsa HTTP/1.1" 200 80
0:0:0:0:0:0:0:1 - - [06/Mar/2025:21:53:18 +0530] "GET /firstwedapp/dashboard?city=ongole&state=ap&country=india HTTP/1.1" 200 80
127.0.0.1 - - [06/Mar/2025:21:54:11 +0530] "GET / HTTP/1.1" 404 752
0:0:0:0:0:0:0:1 - - [06/Mar/2025:21:54:12 +0530] "GET /firstwedapp/dashboard HTTP/1.1" 200 181
127.0.0.1 - - [06/Mar/2025:21:56:17 +0530] "GET / HTTP/1.1" 404 752
0:0:0:0:0:0:0:1 - - [06/Mar/2025:21:56:18 +0530] "GET /firstwedapp/Dashboardhtml.html HTTP/1.1" 304 -
0:0:0:0:0:0:0:1 - - [06/Mar/2025:21:57:33 +0530] "GET /firstwedapp/Dashboardhtml.html?fatherName=prasadu&motherName=padma&siblings=2 HTTP/1.1" 200 6361
0:0:0:0:0:0:0:1 - - [06/Mar/2025:21:57:56 +0530] "GET /firstwedapp/dashboard?city=ongole&state=ap&country=india HTTP/1.1" 200 195
0:0:0:0:0:0:0:1 - - [06/Mar/2025:21:58:03 +0530] "GET /firstwedapp/Dashboardhtml.html?qualification=btech&passoutYear=2023&percentage=8.9 HTTP/1.1" 200 6361
0:0:0:0:0:0:0:1 - - [06/Mar/2025:21:58:26 +0530] "GET /firstwedapp/Dashboardhtml.html?qualification=btech&passoutYear=2023&percentage=8.9 HTTP/1.1" 304 -
0:0:0:0:0:0:0:1 - - [06/Mar/2025:21:58:36 +0530] "GET /firstwedapp/dashboard?city=ongole&state=ap&country=india HTTP/1.1" 200 195
127.0.0.1 - - [06/Mar/2025:22:00:10 +0530] "GET / HTTP/1.1" 404 752
127.0.0.1 - - [06/Mar/2025:22:01:36 +0530] "GET / HTTP/1.1" 404 752
0:0:0:0:0:0:0:1 - - [06/Mar/2025:22:01:36 +0530] "GET /firstwedapp/Dashboardhtml.html HTTP/1.1" 200 6353
0:0:0:0:0:0:0:1 - - [06/Mar/2025:22:02:52 +0530] "GET /firstwedapp/Dashboardhtml.html?fatherName=prasadu&motherName=padma&siblings=2 HTTP/1.1" 200 6353
0:0:0:0:0:0:0:1 - - [06/Mar/2025:22:02:57 +0530] "GET /firstwedapp/Dashboardhtml.html?qualification=btech&passoutYear=2023&percentage=8.9 HTTP/1.1" 200 6353
0:0:0:0:0:0:0:1 - - [06/Mar/2025:22:03:06 +0530] "GET /firstwedapp/dashboard?city=ongole&state=ap&country=india HTTP/1.1" 200 195
127.0.0.1 - - [06/Mar/2025:22:06:16 +0530] "GET / HTTP/1.1" 404 752
0:0:0:0:0:0:0:1 - - [06/Mar/2025:22:06:17 +0530] "GET /firstwedapp/Dashboardhtml.html HTTP/1.1" 304 -
0:0:0:0:0:0:0:1 - - [06/Mar/2025:22:06:54 +0530] "GET /firstwedapp/Dashboardhtml.html?fatherName=jhfkkbkfgn&motherName=djdihikb&siblings=2 HTTP/1.1" 200 6353
0:0:0:0:0:0:0:1 - - [06/Mar/2025:22:06:59 +0530] "GET /firstwedapp/Dashboardhtml.html?qualification=gdsifobkodfkjf&passoutYear=2023&percentage=8.9 HTTP/1.1" 200 6353
0:0:0:0:0:0:0:1 - - [06/Mar/2025:22:07:04 +0530] "GET /firstwedapp/dashboard?city=fgyhfjjbhbdj&state=dhjdkjkkfjnbf&country=jjfkje HTTP/1.1" 200 181
0:0:0:0:0:0:0:1 - - [06/Mar/2025:22:07:14 +0530] "GET /firstwedapp/Dashboardhtml.html?qualification=gdsifobkodfkjf&passoutYear=2023&percentage=8.9 HTTP/1.1" 304 -
127.0.0.1 - - [06/Mar/2025:22:08:59 +0530] "GET / HTTP/1.1" 404 752
0:0:0:0:0:0:0:1 - - [06/Mar/2025:22:08:59 +0530] "GET /firstwedapp/Dashboardhtml.html HTTP/1.1" 304 -
0:0:0:0:0:0:0:1 - - [06/Mar/2025:22:09:31 +0530] "GET /firstwedapp/Dashboardhtml.html?qualification=dgdivdihdwsh&passoutYear=2023&percentage=8.9 HTTP/1.1" 200 6353
0:0:0:0:0:0:0:1 - - [06/Mar/2025:22:09:37 +0530] "GET /firstwedapp/dashboard?city=kjjfslkbdfnjdkdmfnkdflk&state=dyyiehuuio&country=cjhdghjdsk HTTP/1.1" 200 277
0:0:0:0:0:0:0:1 - - [06/Mar/2025:22:09:49 +0530] "GET /firstwedapp/Dashboardhtml.html?qualification=dgdivdihdwsh&passoutYear=2023&percentage=8.9 HTTP/1.1" 304 -
0:0:0:0:0:0:0:1 - - [06/Mar/2025:22:11:22 +0530] "GET /firstwedapp/dashboard HTTP/1.1" 200 277
127.0.0.1 - - [06/Mar/2025:22:11:41 +0530] "GET / HTTP/1.1" 404 752
0:0:0:0:0:0:0:1 - - [06/Mar/2025:22:11:42 +0530] "GET /firstwedapp/dashboard HTTP/1.1" 200 181
